// Jest Snapshot v1, https://goo.gl/fbAQLP

exports[`<Empty /> should render correctly 1`] = `
.c4 {
  display: -webkit-inline-box;
  display: -webkit-inline-flex;
  display: -ms-inline-flexbox;
  display: inline-flex;
  -webkit-align-items: center;
  -webkit-box-align: center;
  -ms-flex-align: center;
  align-items: center;
  -webkit-box-pack: center;
  -webkit-justify-content: center;
  -ms-flex-pack: center;
  justify-content: center;
  color: #FAFAFA;
  cursor: pointer;
  border: 0;
  border-radius: 0.4rem;
  padding: 0.8rem;
  -webkit-text-decoration: none;
  text-decoration: none;
  background: linear-gradient( 180deg,#ff5f5f -14.51%,#f062c0 102.86%,#f23131 102.86% );
  height: 4rem;
  font-size: 1.4rem;
  padding: 0.8rem 3.2rem;
}

.c4:hover {
  background: linear-gradient(180deg,#e35565 0%,#d958a6 50%);
}

.c0 {
  display: -webkit-box;
  display: -webkit-flex;
  display: -ms-flexbox;
  display: flex;
  -webkit-flex-direction: column;
  -ms-flex-direction: column;
  flex-direction: column;
  -webkit-box-pack: center;
  -webkit-justify-content: center;
  -ms-flex-pack: center;
  justify-content: center;
  -webkit-align-items: center;
  -webkit-box-align: center;
  -ms-flex-align: center;
  align-items: center;
}

.c1 {
  max-width: 100%;
}

.c2 {
  color: #F231A5;
  font-size: 2.8rem;
}

.c3 {
  color: #FAFAFA;
  font-size: 1.8rem;
  font-weight: 300;
  margin-bottom: 3.2rem;
  text-align: center;
}

<main
  class="c0"
>
  <img
    alt="a gamer playing videogame"
    class="c1"
    role="image"
    src="/img/empty.svg"
  />
  <h2
    class="c2"
  >
    A simple title
  </h2>
  <p
    class="c3"
  >
    a simple description
  </p>
  <a
    class="c4"
    href="/"
  >
    <span>
      Go back to store
    </span>
  </a>
</main>
`;
